// Jest Snapshot v1, https://goo.gl/fbAQLP

exports[`<Footer /> component matches the snapshot 1`] = `
<DocumentFragment>
  <footer
    class="content"
  >
    <span>
      Powered by
    </span>
    <a
      href="https://reactjs.org"
      rel="noopener noreferrer"
      target="_blank"
    >
      <img
        alt="React logo"
        class="logo"
        src="logo.svg"
      />
    </a>
  </footer>
</DocumentFragment>
`;
